// Jest Snapshot v1, https://goo.gl/fbAQLP

exports[`SelectComponent should render properly 1`] = `ReactWrapper {}`;

exports[`SelectComponent should render properly without holidays 1`] = `ReactWrapper {}`;
